[0.052s] Invoking command in '/root/colcon_ws/src/industrial_arm_description/build/industrial_arm_description': CMAKE_PREFIX_PATH=${CMAKE_PREFIX_PATH}:/opt/ros/jazzy /usr/bin/cmake /root/colcon_ws/src/industrial_arm_description -DCMAKE_INSTALL_PREFIX=/root/colcon_ws/src/industrial_arm_description/install/industrial_arm_description
[0.383s] -- The C compiler identification is GNU 13.3.0
[0.628s] -- The CXX compiler identification is GNU 13.3.0
[0.669s] -- Detecting C compiler ABI info
[0.885s] -- Detecting C compiler ABI info - done
[0.901s] -- Check for working C compiler: /usr/bin/cc - skipped
[0.901s] -- Detecting C compile features
[0.902s] -- Detecting C compile features - done
[0.920s] -- Detecting CXX compiler ABI info
[1.111s] -- Detecting CXX compiler ABI info - done
[1.125s] -- Check for working CXX compiler: /usr/bin/c++ - skipped
[1.125s] -- Detecting CXX compile features
[1.126s] -- Detecting CXX compile features - done
[1.139s] -- Found ament_cmake: 2.5.6 (/opt/ros/jazzy/share/ament_cmake/cmake)
[1.367s] -- Found Python3: /usr/bin/python3 (found version "3.12.3") found components: Interpreter 
[1.560s] -- Found rclcpp: 28.1.18 (/opt/ros/jazzy/share/rclcpp/cmake)
[1.642s] -- Found rosidl_generator_c: 4.6.7 (/opt/ros/jazzy/share/rosidl_generator_c/cmake)
[1.668s] -- Found rosidl_generator_cpp: 4.6.7 (/opt/ros/jazzy/share/rosidl_generator_cpp/cmake)
[1.701s] -- Using all available rosidl_typesupport_c: rosidl_typesupport_fastrtps_c;rosidl_typesupport_introspection_c
[1.739s] -- Using all available rosidl_typesupport_cpp: rosidl_typesupport_fastrtps_cpp;rosidl_typesupport_introspection_cpp
[1.893s] -- Found rmw_implementation_cmake: 7.3.3 (/opt/ros/jazzy/share/rmw_implementation_cmake/cmake)
[1.901s] -- Found rmw_fastrtps_cpp: 8.4.3 (/opt/ros/jazzy/share/rmw_fastrtps_cpp/cmake)
[2.046s] -- Found OpenSSL: /usr/lib/x86_64-linux-gnu/libcrypto.so (found version "3.0.13")  
[2.078s] -- Found FastRTPS: /opt/ros/jazzy/include (Required is at least version "2.13") 
[2.117s] -- Using RMW implementation 'rmw_fastrtps_cpp' as default
[2.276s] -- Found ament_lint_auto: 0.17.5 (/opt/ros/jazzy/share/ament_lint_auto/cmake)
[2.486s] -- Added test 'cppcheck' to perform static code analysis on C / C++ code
[2.486s] -- Configured cppcheck include dirs: 
[2.486s] -- Configured cppcheck exclude dirs and/or files: 
[2.492s] -- Added test 'lint_cmake' to check CMake code style
[2.505s] -- Added test 'uncrustify' to check C / C++ code style
[2.505s] -- Configured uncrustify additional arguments: 
[2.509s] -- Added test 'xmllint' to check XML markup files
[2.512s] -- Configuring done (2.4s)
[2.527s] -- Generating done (0.0s)
[2.533s] -- Build files have been written to: /root/colcon_ws/src/industrial_arm_description/build/industrial_arm_description
[2.551s] Invoked command in '/root/colcon_ws/src/industrial_arm_description/build/industrial_arm_description' returned '0': CMAKE_PREFIX_PATH=${CMAKE_PREFIX_PATH}:/opt/ros/jazzy /usr/bin/cmake /root/colcon_ws/src/industrial_arm_description -DCMAKE_INSTALL_PREFIX=/root/colcon_ws/src/industrial_arm_description/install/industrial_arm_description
[2.553s] Invoking command in '/root/colcon_ws/src/industrial_arm_description/build/industrial_arm_description': CMAKE_PREFIX_PATH=${CMAKE_PREFIX_PATH}:/opt/ros/jazzy /usr/bin/cmake --build /root/colcon_ws/src/industrial_arm_description/build/industrial_arm_description -- -j8 -l8
[2.633s] Invoked command in '/root/colcon_ws/src/industrial_arm_description/build/industrial_arm_description' returned '0': CMAKE_PREFIX_PATH=${CMAKE_PREFIX_PATH}:/opt/ros/jazzy /usr/bin/cmake --build /root/colcon_ws/src/industrial_arm_description/build/industrial_arm_description -- -j8 -l8
[2.651s] Invoking command in '/root/colcon_ws/src/industrial_arm_description/build/industrial_arm_description': CMAKE_PREFIX_PATH=${CMAKE_PREFIX_PATH}:/opt/ros/jazzy /usr/bin/cmake --install /root/colcon_ws/src/industrial_arm_description/build/industrial_arm_description
[2.665s] -- Install configuration: ""
[2.668s] -- Installing: /root/colcon_ws/src/industrial_arm_description/install/industrial_arm_description/share/ament_index/resource_index/package_run_dependencies/industrial_arm_description
[2.668s] -- Installing: /root/colcon_ws/src/industrial_arm_description/install/industrial_arm_description/share/ament_index/resource_index/parent_prefix_path/industrial_arm_description
[2.669s] -- Installing: /root/colcon_ws/src/industrial_arm_description/install/industrial_arm_description/share/industrial_arm_description/environment/ament_prefix_path.sh
[2.670s] -- Installing: /root/colcon_ws/src/industrial_arm_description/install/industrial_arm_description/share/industrial_arm_description/environment/ament_prefix_path.dsv
[2.670s] -- Installing: /root/colcon_ws/src/industrial_arm_description/install/industrial_arm_description/share/industrial_arm_description/environment/path.sh
[2.670s] -- Installing: /root/colcon_ws/src/industrial_arm_description/install/industrial_arm_description/share/industrial_arm_description/environment/path.dsv
[2.670s] -- Installing: /root/colcon_ws/src/industrial_arm_description/install/industrial_arm_description/share/industrial_arm_description/local_setup.bash
[2.671s] -- Installing: /root/colcon_ws/src/industrial_arm_description/install/industrial_arm_description/share/industrial_arm_description/local_setup.sh
[2.671s] -- Installing: /root/colcon_ws/src/industrial_arm_description/install/industrial_arm_description/share/industrial_arm_description/local_setup.zsh
[2.671s] -- Installing: /root/colcon_ws/src/industrial_arm_description/install/industrial_arm_description/share/industrial_arm_description/local_setup.dsv
[2.672s] -- Installing: /root/colcon_ws/src/industrial_arm_description/install/industrial_arm_description/share/industrial_arm_description/package.dsv
[2.672s] -- Installing: /root/colcon_ws/src/industrial_arm_description/install/industrial_arm_description/share/ament_index/resource_index/packages/industrial_arm_description
[2.673s] -- Installing: /root/colcon_ws/src/industrial_arm_description/install/industrial_arm_description/share/industrial_arm_description/cmake/industrial_arm_descriptionConfig.cmake
[2.673s] -- Installing: /root/colcon_ws/src/industrial_arm_description/install/industrial_arm_description/share/industrial_arm_description/cmake/industrial_arm_descriptionConfig-version.cmake
[2.673s] -- Installing: /root/colcon_ws/src/industrial_arm_description/install/industrial_arm_description/share/industrial_arm_description/package.xml
[2.676s] Invoked command in '/root/colcon_ws/src/industrial_arm_description/build/industrial_arm_description' returned '0': CMAKE_PREFIX_PATH=${CMAKE_PREFIX_PATH}:/opt/ros/jazzy /usr/bin/cmake --install /root/colcon_ws/src/industrial_arm_description/build/industrial_arm_description
