[0.318s] DEBUG:colcon:Command line arguments: ['/usr/bin/colcon', 'build']
[0.318s] DEBUG:colcon:Parsed command line arguments: Namespace(log_base=None, log_level=None, verb_name='build', build_base='build', install_base='install', merge_install=False, symlink_install=False, test_result_base=None, continue_on_error=False, executor='parallel', parallel_workers=8, event_handlers=None, ignore_user_meta=False, metas=['./colcon.meta'], base_paths=['.'], packages_ignore=None, packages_ignore_regex=None, paths=None, packages_up_to=None, packages_up_to_regex=None, packages_above=None, packages_above_and_dependencies=None, packages_above_depth=None, packages_select_by_dep=None, packages_skip_by_dep=None, packages_skip_up_to=None, packages_select_build_failed=False, packages_skip_build_finished=False, packages_select_test_failures=False, packages_skip_test_passed=False, packages_select=None, packages_skip=None, packages_select_regex=None, packages_skip_regex=None, packages_start=None, packages_end=None, cmake_args=None, cmake_target=None, cmake_target_skip_unavailable=False, cmake_clean_cache=False, cmake_clean_first=False, cmake_force_configure=False, ament_cmake_args=None, catkin_cmake_args=None, catkin_skip_building_tests=False, mixin_files=None, mixin=None, verb_parser=<colcon_mixin.mixin.mixin_argument.MixinArgumentDecorator object at 0x73f3e8dc8440>, verb_extension=<colcon_core.verb.build.BuildVerb object at 0x73f3e8d97e30>, main=<bound method BuildVerb.main of <colcon_core.verb.build.BuildVerb object at 0x73f3e8d97e30>>, mixin_verb=('build',))
[0.485s] Level 1:colcon.colcon_core.package_discovery:discover_packages(colcon_meta) check parameters
[0.487s] INFO:colcon.colcon_metadata.package_discovery.colcon_meta:Using configuration from '/root/.colcon/metadata/default/Gazebo.meta'
[0.487s] INFO:colcon.colcon_metadata.package_discovery.colcon_meta:Using configuration from '/root/.colcon/metadata/default/fastdds.meta'
[0.488s] INFO:colcon.colcon_metadata.package_discovery.colcon_meta:Using configuration from '/root/.colcon/metadata/default/fastrtps.meta'
[0.488s] Level 1:colcon.colcon_core.package_discovery:discover_packages(recursive) check parameters
[0.488s] Level 1:colcon.colcon_core.package_discovery:discover_packages(ignore) check parameters
[0.488s] Level 1:colcon.colcon_core.package_discovery:discover_packages(path) check parameters
[0.488s] Level 1:colcon.colcon_core.package_discovery:discover_packages(colcon_meta) discover
[0.488s] Level 1:colcon.colcon_core.package_discovery:discover_packages(recursive) discover
[0.488s] INFO:colcon.colcon_core.package_discovery:Crawling recursively for packages in '/root/colcon_ws/src/industrial_arm_description'
[0.489s] Level 1:colcon.colcon_core.package_identification:_identify(.) by extensions ['ignore', 'ignore_ament_install']
[0.489s] Level 1:colcon.colcon_core.package_identification:_identify(.) by extension 'ignore'
[0.489s] Level 1:colcon.colcon_core.package_identification:_identify(.) by extension 'ignore_ament_install'
[0.489s] Level 1:colcon.colcon_core.package_identification:_identify(.) by extensions ['colcon_pkg']
[0.489s] Level 1:colcon.colcon_core.package_identification:_identify(.) by extension 'colcon_pkg'
[0.489s] Level 1:colcon.colcon_core.package_identification:_identify(.) by extensions ['colcon_meta']
[0.489s] Level 1:colcon.colcon_core.package_identification:_identify(.) by extension 'colcon_meta'
[0.489s] Level 1:colcon.colcon_core.package_identification:_identify(.) by extensions ['ros']
[0.490s] Level 1:colcon.colcon_core.package_identification:_identify(.) by extension 'ros'
[0.619s] DEBUG:colcon.colcon_core.package_identification:Package '.' with type 'ros.ament_cmake' and name 'industrial_arm_description'
[0.619s] Level 1:colcon.colcon_core.package_discovery:discover_packages(recursive) using defaults
[0.619s] Level 1:colcon.colcon_core.package_discovery:discover_packages(ignore) discover
[0.619s] Level 1:colcon.colcon_core.package_discovery:discover_packages(ignore) using defaults
[0.619s] Level 1:colcon.colcon_core.package_discovery:discover_packages(path) discover
[0.619s] Level 1:colcon.colcon_core.package_discovery:discover_packages(path) using defaults
[0.694s] Level 5:colcon.colcon_core.verb:set package 'industrial_arm_description' build argument 'cmake_args' from command line to 'None'
[0.695s] Level 5:colcon.colcon_core.verb:set package 'industrial_arm_description' build argument 'cmake_target' from command line to 'None'
[0.695s] Level 5:colcon.colcon_core.verb:set package 'industrial_arm_description' build argument 'cmake_target_skip_unavailable' from command line to 'False'
[0.695s] Level 5:colcon.colcon_core.verb:set package 'industrial_arm_description' build argument 'cmake_clean_cache' from command line to 'False'
[0.695s] Level 5:colcon.colcon_core.verb:set package 'industrial_arm_description' build argument 'cmake_clean_first' from command line to 'False'
[0.695s] Level 5:colcon.colcon_core.verb:set package 'industrial_arm_description' build argument 'cmake_force_configure' from command line to 'False'
[0.695s] Level 5:colcon.colcon_core.verb:set package 'industrial_arm_description' build argument 'ament_cmake_args' from command line to 'None'
[0.695s] Level 5:colcon.colcon_core.verb:set package 'industrial_arm_description' build argument 'catkin_cmake_args' from command line to 'None'
[0.695s] Level 5:colcon.colcon_core.verb:set package 'industrial_arm_description' build argument 'catkin_skip_building_tests' from command line to 'False'
[0.695s] DEBUG:colcon.colcon_core.verb:Building package 'industrial_arm_description' with the following arguments: {'ament_cmake_args': None, 'build_base': '/root/colcon_ws/src/industrial_arm_description/build/industrial_arm_description', 'catkin_cmake_args': None, 'catkin_skip_building_tests': False, 'cmake_args': None, 'cmake_clean_cache': False, 'cmake_clean_first': False, 'cmake_force_configure': False, 'cmake_target': None, 'cmake_target_skip_unavailable': False, 'install_base': '/root/colcon_ws/src/industrial_arm_description/install/industrial_arm_description', 'merge_install': False, 'path': '/root/colcon_ws/src/industrial_arm_description', 'symlink_install': False, 'test_result_base': None}
[0.695s] INFO:colcon.colcon_core.executor:Executing jobs using 'parallel' executor
[0.698s] DEBUG:colcon.colcon_parallel_executor.executor.parallel:run_until_complete
[0.699s] INFO:colcon.colcon_ros.task.ament_cmake.build:Building ROS package in '/root/colcon_ws/src/industrial_arm_description' with build type 'ament_cmake'
[0.699s] INFO:colcon.colcon_cmake.task.cmake.build:Building CMake package in '/root/colcon_ws/src/industrial_arm_description'
[0.709s] INFO:colcon.colcon_core.plugin_system:Skipping extension 'colcon_core.shell.bat': Not used on non-Windows systems
[0.710s] INFO:colcon.colcon_core.shell:Skip shell extension 'powershell' for command environment: Not usable outside of PowerShell
[0.710s] DEBUG:colcon.colcon_core.shell:Skip shell extension 'dsv' for command environment
[0.752s] DEBUG:colcon.colcon_core.event_handler.log_command:Invoking command in '/root/colcon_ws/src/industrial_arm_description/build/industrial_arm_description': CMAKE_PREFIX_PATH=${CMAKE_PREFIX_PATH}:/opt/ros/jazzy /usr/bin/cmake /root/colcon_ws/src/industrial_arm_description -DCMAKE_INSTALL_PREFIX=/root/colcon_ws/src/industrial_arm_description/install/industrial_arm_description
[3.251s] DEBUG:colcon.colcon_core.event_handler.log_command:Invoked command in '/root/colcon_ws/src/industrial_arm_description/build/industrial_arm_description' returned '0': CMAKE_PREFIX_PATH=${CMAKE_PREFIX_PATH}:/opt/ros/jazzy /usr/bin/cmake /root/colcon_ws/src/industrial_arm_description -DCMAKE_INSTALL_PREFIX=/root/colcon_ws/src/industrial_arm_description/install/industrial_arm_description
[3.253s] DEBUG:colcon.colcon_core.event_handler.log_command:Invoking command in '/root/colcon_ws/src/industrial_arm_description/build/industrial_arm_description': CMAKE_PREFIX_PATH=${CMAKE_PREFIX_PATH}:/opt/ros/jazzy /usr/bin/cmake --build /root/colcon_ws/src/industrial_arm_description/build/industrial_arm_description -- -j8 -l8
[3.333s] DEBUG:colcon.colcon_core.event_handler.log_command:Invoked command in '/root/colcon_ws/src/industrial_arm_description/build/industrial_arm_description' returned '0': CMAKE_PREFIX_PATH=${CMAKE_PREFIX_PATH}:/opt/ros/jazzy /usr/bin/cmake --build /root/colcon_ws/src/industrial_arm_description/build/industrial_arm_description -- -j8 -l8
[3.351s] DEBUG:colcon.colcon_core.event_handler.log_command:Invoking command in '/root/colcon_ws/src/industrial_arm_description/build/industrial_arm_description': CMAKE_PREFIX_PATH=${CMAKE_PREFIX_PATH}:/opt/ros/jazzy /usr/bin/cmake --install /root/colcon_ws/src/industrial_arm_description/build/industrial_arm_description
[3.376s] Level 1:colcon.colcon_core.environment:create_environment_scripts_only(industrial_arm_description)
[3.377s] DEBUG:colcon.colcon_core.event_handler.log_command:Invoked command in '/root/colcon_ws/src/industrial_arm_description/build/industrial_arm_description' returned '0': CMAKE_PREFIX_PATH=${CMAKE_PREFIX_PATH}:/opt/ros/jazzy /usr/bin/cmake --install /root/colcon_ws/src/industrial_arm_description/build/industrial_arm_description
[3.382s] Level 1:colcon.colcon_core.environment:checking '/root/colcon_ws/src/industrial_arm_description/install/industrial_arm_description' for CMake module files
[3.383s] Level 1:colcon.colcon_core.environment:checking '/root/colcon_ws/src/industrial_arm_description/install/industrial_arm_description' for CMake config files
[3.383s] Level 1:colcon.colcon_core.shell:create_environment_hook('industrial_arm_description', 'cmake_prefix_path')
[3.383s] INFO:colcon.colcon_core.shell:Creating environment hook '/root/colcon_ws/src/industrial_arm_description/install/industrial_arm_description/share/industrial_arm_description/hook/cmake_prefix_path.ps1'
[3.387s] INFO:colcon.colcon_core.shell:Creating environment descriptor '/root/colcon_ws/src/industrial_arm_description/install/industrial_arm_description/share/industrial_arm_description/hook/cmake_prefix_path.dsv'
[3.387s] INFO:colcon.colcon_core.shell:Creating environment hook '/root/colcon_ws/src/industrial_arm_description/install/industrial_arm_description/share/industrial_arm_description/hook/cmake_prefix_path.sh'
[3.388s] Level 1:colcon.colcon_core.environment:checking '/root/colcon_ws/src/industrial_arm_description/install/industrial_arm_description/bin'
[3.388s] Level 1:colcon.colcon_core.environment:checking '/root/colcon_ws/src/industrial_arm_description/install/industrial_arm_description/lib/pkgconfig/industrial_arm_description.pc'
[3.391s] Level 1:colcon.colcon_core.environment:checking '/root/colcon_ws/src/industrial_arm_description/install/industrial_arm_description/lib/python3.12/site-packages'
[3.392s] Level 1:colcon.colcon_core.environment:checking '/root/colcon_ws/src/industrial_arm_description/install/industrial_arm_description/bin'
[3.392s] INFO:colcon.colcon_core.shell:Creating package script '/root/colcon_ws/src/industrial_arm_description/install/industrial_arm_description/share/industrial_arm_description/package.ps1'
[3.394s] INFO:colcon.colcon_core.shell:Creating package descriptor '/root/colcon_ws/src/industrial_arm_description/install/industrial_arm_description/share/industrial_arm_description/package.dsv'
[3.395s] INFO:colcon.colcon_core.shell:Creating package script '/root/colcon_ws/src/industrial_arm_description/install/industrial_arm_description/share/industrial_arm_description/package.sh'
[3.396s] INFO:colcon.colcon_core.shell:Creating package script '/root/colcon_ws/src/industrial_arm_description/install/industrial_arm_description/share/industrial_arm_description/package.bash'
[3.397s] INFO:colcon.colcon_core.shell:Creating package script '/root/colcon_ws/src/industrial_arm_description/install/industrial_arm_description/share/industrial_arm_description/package.zsh'
[3.398s] Level 1:colcon.colcon_core.environment:create_file_with_runtime_dependencies(/root/colcon_ws/src/industrial_arm_description/install/industrial_arm_description/share/colcon-core/packages/industrial_arm_description)
[3.400s] Level 1:colcon.colcon_core.environment:create_environment_scripts_only(industrial_arm_description)
[3.400s] Level 1:colcon.colcon_core.environment:checking '/root/colcon_ws/src/industrial_arm_description/install/industrial_arm_description' for CMake module files
[3.401s] Level 1:colcon.colcon_core.environment:checking '/root/colcon_ws/src/industrial_arm_description/install/industrial_arm_description' for CMake config files
[3.401s] Level 1:colcon.colcon_core.shell:create_environment_hook('industrial_arm_description', 'cmake_prefix_path')
[3.401s] INFO:colcon.colcon_core.shell:Creating environment hook '/root/colcon_ws/src/industrial_arm_description/install/industrial_arm_description/share/industrial_arm_description/hook/cmake_prefix_path.ps1'
[3.402s] INFO:colcon.colcon_core.shell:Creating environment descriptor '/root/colcon_ws/src/industrial_arm_description/install/industrial_arm_description/share/industrial_arm_description/hook/cmake_prefix_path.dsv'
[3.402s] INFO:colcon.colcon_core.shell:Creating environment hook '/root/colcon_ws/src/industrial_arm_description/install/industrial_arm_description/share/industrial_arm_description/hook/cmake_prefix_path.sh'
[3.403s] Level 1:colcon.colcon_core.environment:checking '/root/colcon_ws/src/industrial_arm_description/install/industrial_arm_description/bin'
[3.403s] Level 1:colcon.colcon_core.environment:checking '/root/colcon_ws/src/industrial_arm_description/install/industrial_arm_description/lib/pkgconfig/industrial_arm_description.pc'
[3.404s] Level 1:colcon.colcon_core.environment:checking '/root/colcon_ws/src/industrial_arm_description/install/industrial_arm_description/lib/python3.12/site-packages'
[3.404s] Level 1:colcon.colcon_core.environment:checking '/root/colcon_ws/src/industrial_arm_description/install/industrial_arm_description/bin'
[3.405s] INFO:colcon.colcon_core.shell:Creating package script '/root/colcon_ws/src/industrial_arm_description/install/industrial_arm_description/share/industrial_arm_description/package.ps1'
[3.405s] INFO:colcon.colcon_core.shell:Creating package descriptor '/root/colcon_ws/src/industrial_arm_description/install/industrial_arm_description/share/industrial_arm_description/package.dsv'
[3.406s] INFO:colcon.colcon_core.shell:Creating package script '/root/colcon_ws/src/industrial_arm_description/install/industrial_arm_description/share/industrial_arm_description/package.sh'
[3.407s] INFO:colcon.colcon_core.shell:Creating package script '/root/colcon_ws/src/industrial_arm_description/install/industrial_arm_description/share/industrial_arm_description/package.bash'
[3.407s] INFO:colcon.colcon_core.shell:Creating package script '/root/colcon_ws/src/industrial_arm_description/install/industrial_arm_description/share/industrial_arm_description/package.zsh'
[3.408s] Level 1:colcon.colcon_core.environment:create_file_with_runtime_dependencies(/root/colcon_ws/src/industrial_arm_description/install/industrial_arm_description/share/colcon-core/packages/industrial_arm_description)
[3.408s] DEBUG:colcon.colcon_parallel_executor.executor.parallel:closing loop
[3.409s] DEBUG:colcon.colcon_parallel_executor.executor.parallel:loop closed
[3.409s] DEBUG:colcon.colcon_parallel_executor.executor.parallel:run_until_complete finished with '0'
[3.409s] DEBUG:colcon.colcon_core.event_reactor:joining thread
[3.430s] INFO:colcon.colcon_core.plugin_system:Skipping extension 'colcon_notification.desktop_notification.notify_send': Could not find 'notify-send'
[3.431s] INFO:colcon.colcon_core.plugin_system:Skipping extension 'colcon_notification.desktop_notification.terminal_notifier': Not used on non-Darwin systems
[3.431s] INFO:colcon.colcon_core.plugin_system:Skipping extension 'colcon_notification.desktop_notification.win32': Not used on non-Windows systems
[3.431s] INFO:colcon.colcon_notification.desktop_notification:Sending desktop notification using 'notify2'
[3.436s] DEBUG:colcon.colcon_notification.desktop_notification.notify2:Failed to initialize notify2: org.freedesktop.DBus.Error.Spawn.ExecFailed: /usr/bin/dbus-launch terminated abnormally without any error message
[3.437s] DEBUG:colcon.colcon_core.event_reactor:joined thread
[3.438s] INFO:colcon.colcon_core.shell:Creating prefix script '/root/colcon_ws/src/industrial_arm_description/install/local_setup.ps1'
[3.439s] INFO:colcon.colcon_core.shell:Creating prefix util module '/root/colcon_ws/src/industrial_arm_description/install/_local_setup_util_ps1.py'
[3.441s] INFO:colcon.colcon_core.shell:Creating prefix chain script '/root/colcon_ws/src/industrial_arm_description/install/setup.ps1'
[3.442s] INFO:colcon.colcon_core.shell:Creating prefix script '/root/colcon_ws/src/industrial_arm_description/install/local_setup.sh'
[3.443s] INFO:colcon.colcon_core.shell:Creating prefix util module '/root/colcon_ws/src/industrial_arm_description/install/_local_setup_util_sh.py'
[3.444s] INFO:colcon.colcon_core.shell:Creating prefix chain script '/root/colcon_ws/src/industrial_arm_description/install/setup.sh'
[3.445s] INFO:colcon.colcon_core.shell:Creating prefix script '/root/colcon_ws/src/industrial_arm_description/install/local_setup.bash'
[3.446s] INFO:colcon.colcon_core.shell:Creating prefix chain script '/root/colcon_ws/src/industrial_arm_description/install/setup.bash'
[3.448s] INFO:colcon.colcon_core.shell:Creating prefix script '/root/colcon_ws/src/industrial_arm_description/install/local_setup.zsh'
[3.449s] INFO:colcon.colcon_core.shell:Creating prefix chain script '/root/colcon_ws/src/industrial_arm_description/install/setup.zsh'
